// Jest Snapshot v1, https://goo.gl/fbAQLP

exports[`Button Component matches snapshot 1`] = `
<StyledLink
  activeClassName=""
  activeStyle={Object {}}
  id="dh-banner"
  to="/"
>
  <GovLogo />
  <AppLogo
    titleStyles={Object {}}
  />
</StyledLink>
`;
